// Jest Snapshot v1, https://goo.gl/fbAQLP

exports[`chargebacks .all() should return a list of all chargebacks 1`] = `
Array [
  Chargeback {
    "_links": Object {
      "documentation": Object {
        "href": "https://docs.mollie.com/reference/v2/chargebacks-api/get-chargeback",
        "type": "text/html",
      },
      "payment": Object {
        "href": "https://api.mollie.com/v2/payments/tr_WDqYK6vllg",
        "type": "application/hal+json",
      },
      "self": Object {
        "href": "https://api.mollie.com/v2/payments/tr_WDqYK6vllg/chargebacks/chb_n9z0tp",
        "type": "application/hal+json",
      },
    },
    "amount": Object {
      "currency": "USD",
      "value": "43.38",
    },
    "createdAt": "2018-03-14T17:00:52.0Z",
    "id": "chb_n9z0tp",
    "paymentId": "tr_WDqYK6vllg",
    "resource": "chargeback",
    "reversedAt": null,
    "settlementAmount": Object {
      "currency": "EUR",
      "value": "35.07",
    },
  },
]
`;

exports[`chargebacks .all() should work with a callback 1`] = `
Array [
  Chargeback {
    "_links": Object {
      "documentation": Object {
        "href": "https://docs.mollie.com/reference/v2/chargebacks-api/get-chargeback",
        "type": "text/html",
      },
      "payment": Object {
        "href": "https://api.mollie.com/v2/payments/tr_WDqYK6vllg",
        "type": "application/hal+json",
      },
      "self": Object {
        "href": "https://api.mollie.com/v2/payments/tr_WDqYK6vllg/chargebacks/chb_n9z0tp",
        "type": "application/hal+json",
      },
    },
    "amount": Object {
      "currency": "USD",
      "value": "43.38",
    },
    "createdAt": "2018-03-14T17:00:52.0Z",
    "id": "chb_n9z0tp",
    "paymentId": "tr_WDqYK6vllg",
    "resource": "chargeback",
    "reversedAt": null,
    "settlementAmount": Object {
      "currency": "EUR",
      "value": "35.07",
    },
  },
]
`;
