// Jest Snapshot v1, https://goo.gl/fbAQLP

exports[`chargeback model should instantiate with default values 1`] = `
Object {
  "_links": Object {
    "payment": null,
    "settlement": null,
  },
  "amount": null,
  "createdAt": null,
  "id": null,
  "paymentId": null,
  "resource": "chargeback",
  "reversedAt": null,
  "settlementAmount": null,
}
`;

exports[`chargeback model should instantiate with given values 1`] = `
Object {
  "_links": Object {
    "documentation": Object {
      "href": "https://docs.mollie.com/reference/v2/chargebacks-api/get-chargeback",
      "type": "text/html",
    },
    "payment": Object {
      "href": "https://api.mollie.com/v2/payments/tr_WDqYK6vllg",
      "type": "application/hal+json",
    },
    "self": Object {
      "href": "https://api.mollie.com/v2/payments/tr_WDqYK6vllg/chargebacks/chb_n9z0tp",
      "type": "application/hal+json",
    },
  },
  "amount": Object {
    "currency": "USD",
    "value": "43.38",
  },
  "createdAt": "2018-03-14T17:00:52.0Z",
  "id": "chb_n9z0tp",
  "paymentId": "tr_WDqYK6vllg",
  "resource": "chargeback",
  "reversedAt": null,
  "settlementAmount": Object {
    "currency": "EUR",
    "value": "-35.07",
  },
}
`;
