// Jest Snapshot v1, https://goo.gl/fbAQLP

exports[`refund model should instantiate with default values 1`] = `
Object {
  "_links": Object {
    "payment": null,
    "settlement": null,
  },
  "amount": Object {
    "currency": null,
    "value": null,
  },
  "createdAt": null,
  "description": null,
  "id": null,
  "paymentId": null,
  "resource": "refund",
  "settlementAmount": null,
  "status": null,
}
`;

exports[`refund model should instantiate with given values 1`] = `
Object {
  "_links": Object {
    "documentation": Object {
      "href": "https://docs.mollie.com/reference/v2/refunds-api/get-refund",
      "type": "text/html",
    },
    "payment": Object {
      "href": "https://api.mollie.com/v2/payments/tr_WDqYK6vllg",
      "type": "application/hal+json",
    },
    "self": Object {
      "href": "https://api.mollie.com/v2/payments/tr_WDqYK6vllg/refunds/re_4qqhO89gsT",
      "type": "application/hal+json",
    },
  },
  "amount": Object {
    "currency": "EUR",
    "value": "5.95",
  },
  "createdAt": "2018-03-14T17:09:02.0Z",
  "description": "Order",
  "id": "re_4qqhO89gsT",
  "paymentId": "tr_WDqYK6vllg",
  "resource": "refund",
  "settlementAmount": null,
  "status": "pending",
}
`;
